keep__97: 
reg__111: 
reg__32: 
ila_0: 
logic__51: 
xsdbs_v1_0_2_reg__parameterized25: 
keep__21: 
keep__25: 
reg__71: 
case__1: 
reg__69: 
logic__154: 
reg__38: 
keep__36: 
reg__64: 
keep__84: 
muxpart__12: 
logic__133: 
xsdbs_v1_0_2_xsdbs: 
keep__71: 
keep__68: 
reg__123: 
xsdbs_v1_0_2_reg__parameterized19: 
keep__49: 
logic__12: 
case__12: 
xsdbs_v1_0_2_reg__parameterized0: 
reg__134: 
xsdbs_v1_0_2_reg__parameterized24: 
reg__3: 
blk_mem_output_block: 
reg__42: 
datapath__9: 
reg__48: 
keep__60: 
keep__50: 
xsdbs_v1_0_2_reg__parameterized44: 
reg__26: 
logic__47: 
logic__290: 
logic__37: 
logic__218: 
case__16: 
keep: 
case__39: 
reg__144: 
reg__108: 
logic__181: 
case__11: 
reg__74: 
keep__92: 
keep__72: 
keep__35: 
keep__8: 
reg__106: 
reg__36: 
reg__116: 
ltlib_v1_0_0_all_typeA_slice: 
xsdbs_v1_0_2_reg__parameterized39: 
reg__41: 
reg__30: 
keep__77: 
logic__46: 
case__56: 
xsdbs_v1_0_2_reg__parameterized8: 
reg__60: 
reg__11: 
reg__148: 
logic__295: 
reg__109: 
logic__29: 
xsdbs_v1_0_2_reg__parameterized29: 
logic__54: 
logic__292: 
keep__42: 
ltlib_v1_0_0_all_typeA_slice__parameterized0: 
ltlib_v1_0_0_generic_mux: 
keep__40: 
keep__5: 
reg__63: 
reg__2: 
case__42: 
keep__1: 
logic__49: 
reg__139: 
reg__118: 
reg__122: 
reg__55: 
logic__15: 
datapath__1: 
xsdbs_v1_0_2_reg__parameterized16: 
keep__81: 
keep__100: 
keep__86: 
muxpart__11: 
logic__35: 
datapath__10: 
logic__244: 
xsdbs_v1_0_2_reg__parameterized26: 
keep__18: 
logic__20: 
keep__91: 
xsdbs_v1_0_2_reg__parameterized18: 
keep__87: 
logic__85: 
reg__66: 
reg__119: 
case__32: 
reg__146: 
xsdbs_v1_0_2_reg__parameterized2: 
case__41: 
logic__293: 
keep__66: 
keep__9: 
keep__38: 
reg__129: 
ltlib_v1_0_0_match: 
logic__10: 
xsdbs_v1_0_2_reg__parameterized40: 
keep__51: 
case__38: 
logic__8: 
muxpart__15: 
ila_v6_2_8_ila_core: 
counter: 
reg__117: 
logic__245: 
blk_mem_gen_v8_3_6: 
case__17: 
muxpart__14: 
keep__85: 
reg__125: 
reg__44: 
case__44: 
case__6: 
xsdbs_v1_0_2_reg__parameterized30: 
case__2: 
xsdbs_v1_0_2_reg__parameterized6: 
case: 
xsdbs_v1_0_2_reg_stat: 
logic__21: 
keep__33: 
logic__268: 
reg__29: 
xsdbs_v1_0_2_reg__parameterized17: 
keep__48: 
ltlib_v1_0_0_cfglut7: 
keep__27: 
reg__99: 
case__45: 
case__24: 
keep__14: 
xsdbs_v1_0_2_reg__parameterized23: 
reg__53: 
counter__6: 
datapath: 
case__22: 
muxpart__20: 
logic__31: 
ltlib_v1_0_0_all_typeA_slice__parameterized1: 
reg__88: 
logic__72: 
keep__52: 
logic__188: 
reg__104: 
reg__39: 
reg__142: 
ila_v6_2_8_ila_trace_memory: 
logic__32: 
logic__192: 
logic__26: 
logic__236: 
logic__86: 
reg__17: 
logic__175: 
reg__135: 
keep__59: 
reg__80: 
logic__112: 
reg__75: 
logic: 
reg__145: 
case__47: 
case__14: 
reg__97: 
logic__55: 
xsdbs_v1_0_2_reg__parameterized3: 
logic__38: 
datapath__8: 
case__46: 
datapath__2: 
reg: 
case__25: 
case__53: 
blk_mem_input_block: 
reg__94: 
keep__62: 
keep__26: 
muxpart: 
xsdbs_v1_0_2_reg__parameterized41: 
logic__48: 
reg__77: 
muxpart__10: 
case__50: 
ila_v6_2_8_ila_register: 
xsdbs_v1_0_2_reg__parameterized5: 
case__20: 
reg__12: 
logic__9: 
reg__73: 
reg__115: 
logic__226: 
reg__93: 
logic__297: 
logic__109: 
keep__22: 
muxpart__4: 
keep__15: 
keep__6: 
reg__46: 
reg__107: 
reg__50: 
xsdbs_v1_0_2_reg__parameterized31: 
reg__149: 
reg__43: 
reg__100: 
reg__91: 
counter__1: 
keep__73: 
xsdbs_v1_0_2_reg__parameterized9: 
logic__130: 
logic__203: 
reg__98: 
reg__112: 
case__34: 
ltlib_v1_0_0_cfglut5: 
reg__121: 
blk_mem_gen_top: 
logic__239: 
logic__189: 
muxpart__3: 
xsdbs_v1_0_2_reg__parameterized35: 
keep__10: 
keep__98: 
reg__89: 
keep__79: 
keep__64: 
xsdbs_v1_0_2_reg__parameterized27: 
logic__221: 
reg__128: 
reg__72: 
logic__19: 
case__15: 
logic__43: 
reg__7: 
reg__8: 
reg__130: 
logic__273: 
keep__47: 
reg__147: 
reg__52: 
xsdbs_v1_0_2_reg_p2s: 
muxpart__8: 
logic__294: 
keep__39: 
logic__70: 
xsdbs_v1_0_2_reg__parameterized1: 
datapath__4: 
xsdbs_v1_0_2_reg_p2s__parameterized0: 
xsdbs_v1_0_2_reg_ctl__parameterized1: 
counter__3: 
xsdbs_v1_0_2_reg__parameterized12: 
reg__65: 
keep__75: 
reg__20: 
reg__59: 
xsdbs_v1_0_2_reg__parameterized42: 
keep__88: 
reg__92: 
keep__94: 
reg__34: 
case__4: 
ila_v6_2_8_ila_trigger: 
reg__40: 
keep__24: 
reg__37: 
logic__102: 
logic__36: 
xsdbs_v1_0_2_reg__parameterized32: 
logic__17: 
ltlib_v1_0_0_allx_typeA__parameterized0: 
logic__116: 
keep__82: 
reg__132: 
keep__54: 
ltlib_v1_0_0_cfglut6: 
xsdbs_v1_0_2_reg__parameterized38: 
reg__51: 
keep__95: 
reg__103: 
keep__16: 
logic__120: 
logic__45: 
reg__95: 
reg__127: 
case__43: 
logic__16: 
keep__103: 
keep__45: 
reg__14: 
keep__34: 
keep__11: 
reg__33: 
keep__56: 
keep__37: 
case__36: 
logic__4: 
reg__68: 
reg__87: 
xsdbs_v1_0_2_reg__parameterized33: 
logic__138: 
keep__69: 
logic__289: 
xsdbs_v1_0_2_reg_ctl: 
keep__63: 
reg__5: 
logic__13: 
xsdbs_v1_0_2_reg__parameterized7: 
ila_v6_2_8_ila_cap_ctrl_legacy: 
ltlib_v1_0_0_async_edge_xfer: 
keep__20: 
reg__21: 
case__37: 
reg__13: 
reg__136: 
reg__90: 
keep__17: 
logic__11: 
ltlib_v1_0_0_allx_typeA_nodelay: 
logic__18: 
counter__5: 
keep__19: 
reg__28: 
xsdbs_v1_0_2_reg__parameterized43: 
reg__137: 
logic__39: 
logic__157: 
case__7: 
logic__129: 
reg__47: 
muxpart__18: 
datapath__6: 
ila_v6_2_8_ila_reset_ctrl: 
logic__136: 
reg__120: 
xsdbs_v1_0_2_reg_stream__parameterized0: 
blk_mem_gen_prim_wrapper: 
case__33: 
logic__14: 
keep__23: 
xsdbs_v1_0_2_reg_ctl__parameterized0: 
xsdbs_v1_0_2_reg__parameterized34: 
case__26: 
logic__243: 
keep__90: 
keep__74: 
ltlib_v1_0_0_all_typeA: 
reg__45: 
keep__70: 
keep__57: 
reg__56: 
case__31: 
keep__31: 
reg__124: 
case__55: 
logic__141: 
xsdbs_v1_0_2_reg: 
ltlib_v1_0_0_match__parameterized0: 
reg__81: 
logic__74: 
case__18: 
ltlib_v1_0_0_allx_typeA: 
case__8: 
logic__28: 
logic__59: 
logic__164: 
case__5: 
muxpart__16: 
xsdbs_v1_0_2_reg__parameterized11: 
ila_v6_2_8_ila_cap_window_counter: 
logic__50: 
reg__101: 
xsdbs_v1_0_2_reg__parameterized14: 
logic__137: 
muxpart__6: 
ltlib_v1_0_0_rising_edge_detection: 
logic__176: 
ila_v6_2_8_ila_cap_sample_counter: 
xsdbs_v1_0_2_reg__parameterized13: 
case__3: 
logic__99: 
reg__138: 
logic__77: 
keep__83: 
muxpart__13: 
keep__99: 
reg__19: 
reg__150: 
keep__78: 
case__52: 
case__23: 
logic__71: 
reg__86: 
reg__151: 
reg__27: 
logic__144: 
keep__41: 
reg__10: 
case__54: 
case__9: 
reg__54: 
xsdbs_v1_0_2_reg__parameterized36: 
case__27: 
reg__22: 
logic__42: 
reg__126: 
logic__22: 
case__21: 
logic__40: 
ltlib_v1_0_0_match_nodelay: 
keep__12: 
reg__15: 
keep__65: 
keep__32: 
case__30: 
keep__29: 
reg__61: 
reg__110: 
logic__56: 
logic__73: 
xsdbs_v1_0_2_reg__parameterized15: 
reg__113: 
logic__231: 
logic__33: 
xsdbs_v1_0_2_reg_stream: 
keep__58: 
logic__217: 
keep__2: 
muxpart__2: 
blk_mem_gen_generic_cstr: 
ltlib_v1_0_0_cfglut6__parameterized0: 
reg__57: 
keep__76: 
keep__61: 
counter__7: 
logic__105: 
logic__87: 
case__19: 
keep__53: 
reg__78: 
reg__24: 
datapath__5: 
logic__30: 
reg__6: 
logic__41: 
blk_mem_gen_v8_3_6_synth: 
keep__28: 
keep__96: 
reg__140: 
logic__53: 
keep__80: 
reg__4: 
blk_mem_gen_prim_width: 
keep__13: 
reg__18: 
xsdbs_v1_0_2_reg__parameterized21: 
case__48: 
reg__79: 
reg__84: 
xsdbs_v1_0_2_reg__parameterized10: 
keep__67: 
logic__23: 
logic__25: 
keep__43: 
logic__91: 
reg__9: 
logic__88: 
keep__89: 
logic__27: 
reg__62: 
reg__25: 
reg__16: 
reg__70: 
keep__30: 
reg__85: 
logic__216: 
xsdbs_v1_0_2_reg__parameterized28: 
ila_v6_2_8_ila_cap_addrgen: 
keep__46: 
case__49: 
logic__24: 
case__28: 
xsdbs_v1_0_2_reg__parameterized4: 
case__10: 
reg__114: 
case__51: 
xsdbs_v1_0_2_reg__parameterized22: 
reg__102: 
reg__131: 
reg__105: 
reg__58: 
reg__23: 
keep__93: 
reg__49: 
ila_v6_2_8_ila_trig_match: 
reg__82: 
counter__4: 
keep__101: 
reg__76: 
case__13: 
reg__31: 
reg__133: 
logic__151: 
keep__3: 
ltlib_v1_0_0_all_typeA__parameterized0: 
ila_v6_2_8_ila: 
reg__1: 
muxpart__19: 
counter__2: 
muxpart__17: 
logic__147: 
reg__96: 
case__40: 
keep__7: 
reg__35: 
datapath__7: 
reg__141: 
ltlib_v1_0_0_cfglut4: 
xsdbs_v1_0_2_reg_p2s__parameterized1: 
logic__44: 
logic__163: 
logic__68: 
xsdbs_v1_0_2_reg__parameterized20: 
logic__1: 
datapath__3: 
keep__4: 
reg__67: 
logic__296: 
case__35: 
logic__177: 
keep__44: 
logic__276: 
logic__5: 
keep__102: 
xsdbs_v1_0_2_reg__parameterized37: 
keep__55: 
logic__291: 
logic__279: 
reg__83: 
logic__52: 
logic__34: 
reg__143: 
ltlib_v1_0_0_generic_memrd: 
case__29: 
